// Jest Snapshot v1, https://goo.gl/fbAQLP

exports[`render HomePage should render HomePage 1`] = `
<React.Fragment>
  <ErrorBoundary>
    <Connect(SearchBlock) />
    <EmptySearchResult />
    <Footer />
  </ErrorBoundary>
</React.Fragment>
`;
