// Jest Snapshot v1, https://goo.gl/fbAQLP

exports[`render EmptySearchResult should render EmptySearchResult 1`] = `
<div
  className="empty-search-results"
>
  No films found.
  <style
    jsx={true}
  >
    
        .empty-search-results {
          max-width: 1130px;
          margin: 0 auto;
          padding: 60px 35px;
          text-align: center;
          font-weight: bold;
          font-size: 48px;
        }
      
  </style>
</div>
`;
