// Jest Snapshot v1, https://goo.gl/fbAQLP

exports[`render ErrorBoundary should render ErrorBoundary 1`] = `""`;
